.venv-yoloe/lib/python3.12/site-packages/torch/jit/_serialization.py:176: FutureWarning: `torch.jit.load` is deprecated. Please switch to `torch.export`.
  warnings.warn(
loading annotations into memory...
Done (t=0.00s)
creating index...
index created!
loading annotations into memory...
Done (t=0.00s)
creating index...
index created!
[1/127] image 1: 112 boxes, 353 ms
[2/127] image 2: 142 boxes, 29 ms
[3/127] image 3: 146 boxes, 31 ms
[4/127] image 4: 64 boxes, 25 ms
[5/127] image 5: 94 boxes, 29 ms
[6/127] image 6: 61 boxes, 24 ms
[7/127] image 7: 65 boxes, 26 ms
[8/127] image 8: 69 boxes, 24 ms
[9/127] image 9: 79 boxes, 26 ms
[10/127] image 10: 200 boxes, 29 ms
[11/127] image 11: 29 boxes, 24 ms
[12/127] image 12: 137 boxes, 26 ms
[13/127] image 13: 38 boxes, 25 ms
[14/127] image 14: 95 boxes, 25 ms
[15/127] image 15: 48 boxes, 26 ms
[16/127] image 16: 91 boxes, 25 ms
[17/127] image 17: 172 boxes, 31 ms
[18/127] image 18: 80 boxes, 25 ms
[19/127] image 19: 92 boxes, 28 ms
[20/127] image 20: 76 boxes, 25 ms
[21/127] image 21: 76 boxes, 26 ms
[22/127] image 22: 50 boxes, 24 ms
[23/127] image 23: 40 boxes, 26 ms
[24/127] image 24: 72 boxes, 25 ms
[25/127] image 25: 167 boxes, 31 ms
[26/127] image 26: 171 boxes, 29 ms
[27/127] image 27: 188 boxes, 32 ms
[28/127] image 28: 176 boxes, 29 ms
[29/127] image 29: 173 boxes, 31 ms
[30/127] image 30: 300 boxes, 34 ms
[31/127] image 31: 210 boxes, 30 ms
[32/127] image 32: 99 boxes, 25 ms
[33/127] image 33: 283 boxes, 34 ms
[34/127] image 34: 237 boxes, 30 ms
[35/127] image 35: 168 boxes, 29 ms
[36/127] image 36: 276 boxes, 31 ms
[37/127] image 37: 204 boxes, 30 ms
[38/127] image 38: 150 boxes, 27 ms
[39/127] image 39: 102 boxes, 28 ms
[40/127] image 40: 101 boxes, 24 ms
[41/127] image 41: 300 boxes, 34 ms
[42/127] image 42: 300 boxes, 32 ms
[43/127] image 43: 47 boxes, 26 ms
[44/127] image 44: 44 boxes, 23 ms
[45/127] image 45: 45 boxes, 27 ms
[46/127] image 46: 106 boxes, 28 ms
[47/127] image 47: 300 boxes, 38 ms
[48/127] image 48: 95 boxes, 27 ms
[49/127] image 49: 124 boxes, 29 ms
[50/127] image 50: 140 boxes, 27 ms
[51/127] image 51: 114 boxes, 28 ms
[52/127] image 52: 83 boxes, 23 ms
[53/127] image 53: 29 boxes, 26 ms
[54/127] image 54: 85 boxes, 25 ms
[55/127] image 55: 69 boxes, 28 ms
[56/127] image 56: 159 boxes, 27 ms
[57/127] image 57: 172 boxes, 30 ms
[58/127] image 58: 241 boxes, 30 ms
[59/127] image 59: 175 boxes, 30 ms
[60/127] image 60: 195 boxes, 29 ms
[61/127] image 61: 86 boxes, 27 ms
[62/127] image 62: 207 boxes, 29 ms
[63/127] image 63: 67 boxes, 27 ms
[64/127] image 64: 244 boxes, 31 ms
[65/127] image 65: 54 boxes, 27 ms
[66/127] image 66: 13 boxes, 23 ms
[67/127] image 67: 58 boxes, 29 ms
[68/127] image 68: 69 boxes, 26 ms
[69/127] image 69: 95 boxes, 28 ms
[70/127] image 70: 31 boxes, 24 ms
[71/127] image 71: 81 boxes, 28 ms
[72/127] image 72: 109 boxes, 109 ms
[73/127] image 73: 178 boxes, 32 ms
[74/127] image 74: 42 boxes, 25 ms
[75/127] image 75: 73 boxes, 27 ms
[76/127] image 76: 105 boxes, 26 ms
[77/127] image 77: 164 boxes, 31 ms
[78/127] image 78: 198 boxes, 29 ms
[79/127] image 79: 162 boxes, 30 ms
[80/127] image 80: 39 boxes, 23 ms
[81/127] image 81: 105 boxes, 28 ms
[82/127] image 82: 48 boxes, 23 ms
[83/127] image 83: 82 boxes, 27 ms
[84/127] image 84: 51 boxes, 23 ms
[85/127] image 85: 35 boxes, 25 ms
[86/127] image 86: 119 boxes, 26 ms
[87/127] image 87: 119 boxes, 29 ms
[88/127] image 88: 108 boxes, 66 ms
[89/127] image 89: 142 boxes, 64 ms
[90/127] image 90: 25 boxes, 56 ms
[91/127] image 91: 114 boxes, 59 ms
[92/127] image 92: 135 boxes, 55 ms
[93/127] image 93: 97 boxes, 59 ms
[94/127] image 94: 99 boxes, 59 ms
[95/127] image 95: 77 boxes, 56 ms
[96/127] image 96: 111 boxes, 53 ms
[97/127] image 97: 128 boxes, 56 ms
[98/127] image 98: 31 boxes, 50 ms
[99/127] image 99: 143 boxes, 58 ms
[100/127] image 100: 281 boxes, 61 ms
[101/127] image 101: 104 boxes, 31 ms
[102/127] image 102: 136 boxes, 22 ms
[103/127] image 103: 151 boxes, 22 ms
[104/127] image 104: 300 boxes, 33 ms
[105/127] image 105: 300 boxes, 26 ms
[106/127] image 106: 111 boxes, 62 ms
[107/127] image 107: 111 boxes, 62 ms
[108/127] image 108: 84 boxes, 67 ms
[109/127] image 109: 193 boxes, 64 ms
[110/127] image 110: 74 boxes, 59 ms
[111/127] image 111: 155 boxes, 25 ms
[112/127] image 112: 187 boxes, 24 ms
[113/127] image 113: 131 boxes, 22 ms
[114/127] image 114: 150 boxes, 23 ms
[115/127] image 115: 269 boxes, 27 ms
[116/127] image 116: 88 boxes, 19 ms
[117/127] image 117: 16 boxes, 18 ms
[118/127] image 118: 41 boxes, 19 ms
[119/127] image 119: 266 boxes, 65 ms
[120/127] image 120: 186 boxes, 23 ms
[121/127] image 121: 61 boxes, 19 ms
[122/127] image 122: 81 boxes, 19 ms
[123/127] image 123: 40 boxes, 18 ms
[124/127] image 124: 114 boxes, 21 ms
[125/127] image 125: 79 boxes, 19 ms
[126/127] image 126: 226 boxes, 23 ms
[127/127] image 127: 42 boxes, 16 ms
Loading and preparing results...
DONE (t=0.01s)
creating index...
index created!
Running per image evaluation...
Evaluate annotation type *bbox*
DONE (t=0.54s).
Accumulating evaluation results...
DONE (t=0.07s).
 Average Precision  (AP) @[ IoU=0.50:0.95 | area=   all | maxDets=100 ] = 0.128
 Average Precision  (AP) @[ IoU=0.50      | area=   all | maxDets=100 ] = 0.212
 Average Precision  (AP) @[ IoU=0.75      | area=   all | maxDets=100 ] = 0.121
 Average Precision  (AP) @[ IoU=0.50:0.95 | area= small | maxDets=100 ] = 0.010
 Average Precision  (AP) @[ IoU=0.50:0.95 | area=medium | maxDets=100 ] = 0.035
 Average Precision  (AP) @[ IoU=0.50:0.95 | area= large | maxDets=100 ] = 0.143
 Average Recall     (AR) @[ IoU=0.50:0.95 | area=   all | maxDets=  1 ] = 0.138
 Average Recall     (AR) @[ IoU=0.50:0.95 | area=   all | maxDets= 10 ] = 0.279
 Average Recall     (AR) @[ IoU=0.50:0.95 | area=   all | maxDets=100 ] = 0.344
 Average Recall     (AR) @[ IoU=0.50:0.95 | area= small | maxDets=100 ] = 0.233
 Average Recall     (AR) @[ IoU=0.50:0.95 | area=medium | maxDets=100 ] = 0.157
 Average Recall     (AR) @[ IoU=0.50:0.95 | area= large | maxDets=100 ] = 0.365
{
  "AP": 0.12771852673105552,
  "AP50": 0.21202529968746442,
  "per_class_AP": {
    "fish": 0.19818134174757712,
    "jellyfish": 0.02977374644551538,
    "penguin": 0.1122713842905203,
    "puffin": 0.060879474076324075,
    "shark": 0.05412051965598281,
    "starfish": 0.25420214112487155,
    "stingray": 0.18460107977659745
  },
  "iou": "0.50:0.95",
  "area": "all",
  "max_dets": 100,
  "images_evaluated": 127,
  "detections": 15777,
  "mean_wall_ms_per_image": 34.70015922913284
}
Saved results in results/yoloe26s_valid_synonym_gpu_repro
